C:\Users\Muhamad\Desktop\Stima\Tubes1_NamaKelompok\Tubes1_T-T-k3n5l3rBr30w0gh-T-T\starter-pack\starter-bots\JavaBot\src\main\java\Services\Common\Response.java
C:\Users\Muhamad\Desktop\Stima\Tubes1_NamaKelompok\Tubes1_T-T-k3n5l3rBr30w0gh-T-T\starter-pack\starter-bots\JavaBot\src\main\java\Services\Handlers\RadarHandler.java
C:\Users\Muhamad\Desktop\Stima\Tubes1_NamaKelompok\Tubes1_T-T-k3n5l3rBr30w0gh-T-T\starter-pack\starter-bots\JavaBot\src\main\java\Services\States\AttackState.java
C:\Users\Muhamad\Desktop\Stima\Tubes1_NamaKelompok\Tubes1_T-T-k3n5l3rBr30w0gh-T-T\starter-pack\starter-bots\JavaBot\src\main\java\Services\Handlers\AttackHandler.java
C:\Users\Muhamad\Desktop\Stima\Tubes1_NamaKelompok\Tubes1_T-T-k3n5l3rBr30w0gh-T-T\starter-pack\starter-bots\JavaBot\src\main\java\Enums\ObjectTypes.java
C:\Users\Muhamad\Desktop\Stima\Tubes1_NamaKelompok\Tubes1_T-T-k3n5l3rBr30w0gh-T-T\starter-pack\starter-bots\JavaBot\src\main\java\Main.java
C:\Users\Muhamad\Desktop\Stima\Tubes1_NamaKelompok\Tubes1_T-T-k3n5l3rBr30w0gh-T-T\starter-pack\starter-bots\JavaBot\src\main\java\Services\States\DefaultState.java
C:\Users\Muhamad\Desktop\Stima\Tubes1_NamaKelompok\Tubes1_T-T-k3n5l3rBr30w0gh-T-T\starter-pack\starter-bots\JavaBot\src\main\java\Models\Position.java
C:\Users\Muhamad\Desktop\Stima\Tubes1_NamaKelompok\Tubes1_T-T-k3n5l3rBr30w0gh-T-T\starter-pack\starter-bots\JavaBot\src\main\java\Services\Handlers\DodgeHandler.java
C:\Users\Muhamad\Desktop\Stima\Tubes1_NamaKelompok\Tubes1_T-T-k3n5l3rBr30w0gh-T-T\starter-pack\starter-bots\JavaBot\src\main\java\Services\StateMachine.java
C:\Users\Muhamad\Desktop\Stima\Tubes1_NamaKelompok\Tubes1_T-T-k3n5l3rBr30w0gh-T-T\starter-pack\starter-bots\JavaBot\src\main\java\Services\Common\Tester.java
C:\Users\Muhamad\Desktop\Stima\Tubes1_NamaKelompok\Tubes1_T-T-k3n5l3rBr30w0gh-T-T\starter-pack\starter-bots\JavaBot\src\main\java\Services\Handlers\NavigationHandler.java
C:\Users\Muhamad\Desktop\Stima\Tubes1_NamaKelompok\Tubes1_T-T-k3n5l3rBr30w0gh-T-T\starter-pack\starter-bots\JavaBot\src\main\java\Services\Common\Effect.java
C:\Users\Muhamad\Desktop\Stima\Tubes1_NamaKelompok\Tubes1_T-T-k3n5l3rBr30w0gh-T-T\starter-pack\starter-bots\JavaBot\src\main\java\Services\States\DodgeState.java
C:\Users\Muhamad\Desktop\Stima\Tubes1_NamaKelompok\Tubes1_T-T-k3n5l3rBr30w0gh-T-T\starter-pack\starter-bots\JavaBot\src\main\java\Services\Common\Trajectory.java
C:\Users\Muhamad\Desktop\Stima\Tubes1_NamaKelompok\Tubes1_T-T-k3n5l3rBr30w0gh-T-T\starter-pack\starter-bots\JavaBot\src\main\java\Enums\PlayerActions.java
C:\Users\Muhamad\Desktop\Stima\Tubes1_NamaKelompok\Tubes1_T-T-k3n5l3rBr30w0gh-T-T\starter-pack\starter-bots\JavaBot\src\main\java\Services\States\EscapeState.java
C:\Users\Muhamad\Desktop\Stima\Tubes1_NamaKelompok\Tubes1_T-T-k3n5l3rBr30w0gh-T-T\starter-pack\starter-bots\JavaBot\src\main\java\Models\GameObject.java
C:\Users\Muhamad\Desktop\Stima\Tubes1_NamaKelompok\Tubes1_T-T-k3n5l3rBr30w0gh-T-T\starter-pack\starter-bots\JavaBot\src\main\java\Services\BotService.java
C:\Users\Muhamad\Desktop\Stima\Tubes1_NamaKelompok\Tubes1_T-T-k3n5l3rBr30w0gh-T-T\starter-pack\starter-bots\JavaBot\src\main\java\Services\States\StateBase.java
C:\Users\Muhamad\Desktop\Stima\Tubes1_NamaKelompok\Tubes1_T-T-k3n5l3rBr30w0gh-T-T\starter-pack\starter-bots\JavaBot\src\main\java\Models\GameStateDto.java
C:\Users\Muhamad\Desktop\Stima\Tubes1_NamaKelompok\Tubes1_T-T-k3n5l3rBr30w0gh-T-T\starter-pack\starter-bots\JavaBot\src\main\java\Services\Common\Tools.java
C:\Users\Muhamad\Desktop\Stima\Tubes1_NamaKelompok\Tubes1_T-T-k3n5l3rBr30w0gh-T-T\starter-pack\starter-bots\JavaBot\src\main\java\Models\GameState.java
C:\Users\Muhamad\Desktop\Stima\Tubes1_NamaKelompok\Tubes1_T-T-k3n5l3rBr30w0gh-T-T\starter-pack\starter-bots\JavaBot\src\main\java\Models\World.java
C:\Users\Muhamad\Desktop\Stima\Tubes1_NamaKelompok\Tubes1_T-T-k3n5l3rBr30w0gh-T-T\starter-pack\starter-bots\JavaBot\src\main\java\Enums\StateTypes.java
C:\Users\Muhamad\Desktop\Stima\Tubes1_NamaKelompok\Tubes1_T-T-k3n5l3rBr30w0gh-T-T\starter-pack\starter-bots\JavaBot\src\main\java\Models\PlayerAction.java
